// Jest Snapshot v1, https://goo.gl/fbAQLP

exports[`AlertPanel/AlertPanel should render correctly 1`] = `
<div
  class="alert-panel"
>
  <div
    class="alert-panel__alert alert-panel__alert--info  "
  >
    Message 1
  </div>
  <div
    class="alert-panel__alert alert-panel__alert--info  "
  >
    Message 2
  </div>
  <div
    class="alert-panel__alert alert-panel__alert--info  "
  >
    Message 3
  </div>
</div>
`;
