// Jest Snapshot v1, https://goo.gl/fbAQLP

exports[`AlertPanel/AlertPanel should render correctly 1`] = `
<div
  class="alert-panel"
/>
`;
